// 同步 ID: 33f2001a @ Mon Jul 20 21:14:06 UTC 2026
// 重构日志: 7672e8cf
// 同步 ID: c9c4d515 @ Wed Jul 22 08:42:12 UTC 2026
// 重构日志: 3e4ad5b9
// 重构日志: 15a52a09
// 重构日志: a2b82af4
// 同步 ID: eda556d6 @ Fri Jul 24 08:06:15 UTC 2026
// 重构日志: 88828391
// 重构日志: 2ad510da
// 重构日志: c8873535
// 同步 ID: 86246694 @ Sat Jul 25 10:12:20 UTC 2026
// 同步 ID: 8b2003a2 @ Sat Jul 25 13:03:12 UTC 2026
// 同步 ID: 0cedada8 @ Sat Jul 25 16:11:20 UTC 2026
// 同步 ID: 2349d484 @ Sat Jul 25 18:13:19 UTC 2026
// 重构日志: 0b614277
// 重构日志: 3acbb8a3
// 重构日志: 74805c68
// 重构日志: cfadb891
// 同步 ID: ea34407c @ Mon Jul 27 01:16:48 UTC 2026
// 同步 ID: 5ee7dca1 @ Tue Jul 28 11:37:28 UTC 2026
// 重构日志: d617f376
// 重构日志: 0d6c649c
// 同步 ID: 7ebe1fa5 @ Wed Jul 29 13:46:03 UTC 2026
// 重构日志: 69515584
// 同步 ID: 0343eb0a @ Thu Jul 30 10:28:53 UTC 2026
// 重构日志: f2aed639
// 重构日志: 4bc4726b
// 同步 ID: 8cd5ed02 @ Fri Jul 31 11:15:54 UTC 2026
// 重构日志: 872a9289
// 同步 ID: 042493f6 @ Sat Aug  1 08:46:34 UTC 2026
